------------------------------------------------------------
TimeQuest Timing Analyzer Summary
------------------------------------------------------------

Type  : Slow 1200mV 85C Model Setup 'clk'
Slack : -4.702
TNS   : -413.755

Type  : Slow 1200mV 85C Model Setup 'calculadora:comb_4|estado.desligado'
Slack : -3.189
TNS   : -26.089

Type  : Slow 1200mV 85C Model Hold 'clk'
Slack : -0.117
TNS   : -0.292

Type  : Slow 1200mV 85C Model Hold 'calculadora:comb_4|estado.desligado'
Slack : 0.563
TNS   : 0.000

Type  : Slow 1200mV 85C Model Minimum Pulse Width 'clk'
Slack : -3.000
TNS   : -230.445

Type  : Slow 1200mV 85C Model Minimum Pulse Width 'calculadora:comb_4|estado.desligado'
Slack : 0.404
TNS   : 0.000

Type  : Slow 1200mV 0C Model Setup 'clk'
Slack : -4.245
TNS   : -365.184

Type  : Slow 1200mV 0C Model Setup 'calculadora:comb_4|estado.desligado'
Slack : -3.010
TNS   : -24.602

Type  : Slow 1200mV 0C Model Hold 'clk'
Slack : -0.095
TNS   : -0.220

Type  : Slow 1200mV 0C Model Hold 'calculadora:comb_4|estado.desligado'
Slack : 0.667
TNS   : 0.000

Type  : Slow 1200mV 0C Model Minimum Pulse Width 'clk'
Slack : -3.000
TNS   : -230.445

Type  : Slow 1200mV 0C Model Minimum Pulse Width 'calculadora:comb_4|estado.desligado'
Slack : 0.443
TNS   : 0.000

Type  : Fast 1200mV 0C Model Setup 'clk'
Slack : -1.796
TNS   : -120.693

Type  : Fast 1200mV 0C Model Setup 'calculadora:comb_4|estado.desligado'
Slack : -1.220
TNS   : -7.044

Type  : Fast 1200mV 0C Model Hold 'clk'
Slack : -0.251
TNS   : -2.238

Type  : Fast 1200mV 0C Model Hold 'calculadora:comb_4|estado.desligado'
Slack : 0.324
TNS   : 0.000

Type  : Fast 1200mV 0C Model Minimum Pulse Width 'clk'
Slack : -3.000
TNS   : -190.247

Type  : Fast 1200mV 0C Model Minimum Pulse Width 'calculadora:comb_4|estado.desligado'
Slack : 0.320
TNS   : 0.000

------------------------------------------------------------
